// Jest Snapshot v1, https://goo.gl/fbAQLP

exports[`<App /> should render and match the snapshot 1`] = `
<BrowserRouter>
  <Helmet
    defaultTitle="React Boilerplate"
    defer={true}
    encodeSpecialCharacters={true}
    htmlAttributes={
      Object {
        "lang": undefined,
      }
    }
    prioritizeSeoTags={false}
    titleTemplate="%s - React Boilerplate"
  >
    <meta
      content="A React Boilerplate application"
      name="description"
    />
  </Helmet>
  <Routes>
    <Route
      element={<Unknown />}
      path="/"
    />
    <Route
      element={<Unknown />}
      path="*"
    />
    <Route
      element={<WritePage />}
      path="/write"
    />
    <Route
      element={<ProfilePage />}
      path="/profile"
    />
    <Route
      element={<LoginPage />}
      path="/login"
    />
    <Route
      element={<DetailPage />}
      path="/detail"
    />
  </Routes>
  <NavigationBar />
  <Memo(l) />
</BrowserRouter>
`;
